
TypeError: Cannot call method 'validateTeam' of undefined
    at Tools.module.exports.Tools.validateTeam (C:\Users\Nathan\Desktop\Pokemon-Showdown\tools.js:678:28)
    at GlobalRoom.searchBattle (C:\Users\Nathan\Desktop\Pokemon-Showdown\rooms.js:218:24)
    at parseCommandLocal (C:\Users\Nathan\Desktop\Pokemon-Showdown\chat-commands.js:1381:17)
    at ChatRoom.chat (C:\Users\Nathan\Desktop\Pokemon-Showdown\rooms.js:1412:23)
    at User.processChatQueue (C:\Users\Nathan\Desktop\Pokemon-Showdown\users.js:980:13)
    at Timer.list.ontimeout (timers.js:101:19)

TypeError: Cannot call method 'validateTeam' of undefined
    at Tools.module.exports.Tools.validateTeam (C:\Users\Nathan\Desktop\Pokemon-Showdown\tools.js:678:28)
    at GlobalRoom.searchBattle (C:\Users\Nathan\Desktop\Pokemon-Showdown\rooms.js:218:24)
    at parseCommandLocal (C:\Users\Nathan\Desktop\Pokemon-Showdown\chat-commands.js:1381:17)
    at ChatRoom.chat (C:\Users\Nathan\Desktop\Pokemon-Showdown\rooms.js:1412:23)
    at User.processChatQueue (C:\Users\Nathan\Desktop\Pokemon-Showdown\users.js:980:13)
    at Timer.list.ontimeout (timers.js:101:19)

TypeError: Cannot call method 'validateTeam' of undefined
    at Tools.module.exports.Tools.validateTeam (C:\Users\Nathan\Desktop\Pokemon-Showdown\tools.js:678:28)
    at GlobalRoom.searchBattle (C:\Users\Nathan\Desktop\Pokemon-Showdown\rooms.js:218:24)
    at parseCommandLocal (C:\Users\Nathan\Desktop\Pokemon-Showdown\chat-commands.js:1381:17)
    at ChatRoom.chat (C:\Users\Nathan\Desktop\Pokemon-Showdown\rooms.js:1412:23)
    at User.processChatQueue (C:\Users\Nathan\Desktop\Pokemon-Showdown\users.js:980:13)
    at Timer.list.ontimeout (timers.js:101:19)

TypeError: Cannot call method 'validateTeam' of undefined
    at Tools.module.exports.Tools.validateTeam (C:\Users\Nathan\Desktop\Pokemon-Showdown\tools.js:678:28)
    at GlobalRoom.searchBattle (C:\Users\Nathan\Desktop\Pokemon-Showdown\rooms.js:218:24)
    at parseCommandLocal (C:\Users\Nathan\Desktop\Pokemon-Showdown\chat-commands.js:1381:17)
    at ChatRoom.chat (C:\Users\Nathan\Desktop\Pokemon-Showdown\rooms.js:1412:23)
    at User.processChatQueue (C:\Users\Nathan\Desktop\Pokemon-Showdown\users.js:980:13)
    at Timer.list.ontimeout (timers.js:101:19)

ReferenceError: source is not defined
    at Tools.exports.BattleMovedex.shieldbash.effect.onStart (C:\Users\Nathan\Desktop\Pokemon-Showdown\mods\npmou\moves.js:252:29)
    at Tools.Battle.singleEvent (C:\Users\Nathan\Desktop\Pokemon-Showdown\battles.js:1498:37)
    at BattlePokemon.addVolatile (C:\Users\Nathan\Desktop\Pokemon-Showdown\battles.js:937:20)
    at Tools.exports.BattleScripts.moveHit (C:\Users\Nathan\Desktop\Pokemon-Showdown\data\scripts.js:416:16)
    at Tools.exports.BattleScripts.tryMoveHit (C:\Users\Nathan\Desktop\Pokemon-Showdown\data\scripts.js:269:18)
    at Tools.exports.BattleScripts.useMove (C:\Users\Nathan\Desktop\Pokemon-Showdown\data\scripts.js:153:18)
    at Tools.exports.BattleScripts.runMove (C:\Users\Nathan\Desktop\Pokemon-Showdown\data\scripts.js:41:8)
    at Tools.Battle.runDecision (C:\Users\Nathan\Desktop\Pokemon-Showdown\battles.js:2795:9)
    at Tools.Battle.go (C:\Users\Nathan\Desktop\Pokemon-Showdown\battles.js:2955:9)
    at Tools.Battle.choose (C:\Users\Nathan\Desktop\Pokemon-Showdown\battles.js:3029:9)

ReferenceError: source is not defined
    at Tools.exports.BattleMovedex.shieldbash.onHit (C:\Users\Nathan\Desktop\Pokemon-Showdown\mods\npmou\moves.js:249:17)
    at Tools.Battle.singleEvent (C:\Users\Nathan\Desktop\Pokemon-Showdown\battles.js:1498:37)
    at Tools.exports.BattleScripts.moveHit (C:\Users\Nathan\Desktop\Pokemon-Showdown\data\scripts.js:443:22)
    at Tools.exports.BattleScripts.tryMoveHit (C:\Users\Nathan\Desktop\Pokemon-Showdown\data\scripts.js:269:18)
    at Tools.exports.BattleScripts.useMove (C:\Users\Nathan\Desktop\Pokemon-Showdown\data\scripts.js:153:18)
    at Tools.exports.BattleScripts.runMove (C:\Users\Nathan\Desktop\Pokemon-Showdown\data\scripts.js:41:8)
    at Tools.Battle.runDecision (C:\Users\Nathan\Desktop\Pokemon-Showdown\battles.js:2795:9)
    at Tools.Battle.go (C:\Users\Nathan\Desktop\Pokemon-Showdown\battles.js:2955:9)
    at Tools.Battle.choose (C:\Users\Nathan\Desktop\Pokemon-Showdown\battles.js:3029:9)
    at Tools.Battle.receive (C:\Users\Nathan\Desktop\Pokemon-Showdown\battles.js:3333:9)

TypeError: Object p1a: Bastiodon has no method 'addStatus'
    at Tools.exports.BattleMovedex.shieldbash.beforeTurnCallback (C:\Users\Nathan\Desktop\Pokemon-Showdown\mods\npmou\moves.js:249:12)
    at Tools.Battle.runDecision (C:\Users\Nathan\Desktop\Pokemon-Showdown\battles.js:2801:37)
    at Tools.Battle.go (C:\Users\Nathan\Desktop\Pokemon-Showdown\battles.js:2955:9)
    at Tools.Battle.choose (C:\Users\Nathan\Desktop\Pokemon-Showdown\battles.js:3029:9)
    at Tools.Battle.receive (C:\Users\Nathan\Desktop\Pokemon-Showdown\battles.js:3333:9)
    at process.<anonymous> (C:\Users\Nathan\Desktop\Pokemon-Showdown\battles.js:112:21)
    at process.EventEmitter.emit (events.js:99:17)
    at handleMessage (child_process.js:273:12)
    at Pipe.channel.onread (child_process.js:293:9)

TypeError: Object p1a: Bastiodon has no method 'addStatus'
    at Tools.exports.BattleMovedex.shieldbash.beforeTurnCallback (C:\Users\Nathan\Desktop\Pokemon-Showdown\mods\npmou\moves.js:249:12)
    at Tools.Battle.runDecision (C:\Users\Nathan\Desktop\Pokemon-Showdown\battles.js:2801:37)
    at Tools.Battle.go (C:\Users\Nathan\Desktop\Pokemon-Showdown\battles.js:2955:9)
    at Tools.Battle.choose (C:\Users\Nathan\Desktop\Pokemon-Showdown\battles.js:3029:9)
    at Tools.Battle.receive (C:\Users\Nathan\Desktop\Pokemon-Showdown\battles.js:3333:9)
    at process.<anonymous> (C:\Users\Nathan\Desktop\Pokemon-Showdown\battles.js:112:21)
    at process.EventEmitter.emit (events.js:99:17)
    at handleMessage (child_process.js:273:12)
    at Pipe.channel.onread (child_process.js:293:9)

SyntaxError: Unexpected string
    at Module._compile (module.js:437:25)
    at Object.Module._extensions..js (module.js:467:10)
    at Module.load (module.js:356:32)
    at Function.Module._load (module.js:312:12)
    at Module.require (module.js:362:17)
    at require (module.js:378:17)
    at parseCommandLocal (C:\Users\Nathan\Desktop\Pokemon-Showdown\chat-commands.js:676:19)
    at ChatRoom.chat (C:\Users\Nathan\Desktop\Pokemon-Showdown\rooms.js:1412:23)
    at User.chat (C:\Users\Nathan\Desktop\Pokemon-Showdown\users.js:965:9)
    at events.chat (C:\Users\Nathan\Desktop\Pokemon-Showdown\app.js:268:12)

TypeError: Object Battle: npmou has no method 'addSideCondition'
    at Tools.exports.BattleAbilities.jetstream.onStart (C:\Users\Nathan\Desktop\Pokemon-Showdown\mods\npmou\abilities.js:19:24)
    at Tools.Battle.singleEvent (C:\Users\Nathan\Desktop\Pokemon-Showdown\battles.js:1498:37)
    at Tools.Battle.runDecision (C:\Users\Nathan\Desktop\Pokemon-Showdown\battles.js:2873:9)
    at Tools.Battle.go (C:\Users\Nathan\Desktop\Pokemon-Showdown\battles.js:2955:9)
    at Tools.Battle.choose (C:\Users\Nathan\Desktop\Pokemon-Showdown\battles.js:3029:9)
    at Tools.Battle.receive (C:\Users\Nathan\Desktop\Pokemon-Showdown\battles.js:3333:9)
    at process.<anonymous> (C:\Users\Nathan\Desktop\Pokemon-Showdown\battles.js:112:21)
    at process.EventEmitter.emit (events.js:99:17)
    at handleMessage (child_process.js:273:12)
    at Pipe.channel.onread (child_process.js:293:9)

TypeError: Object Battle: npmou has no method 'addSideCondition'
    at Tools.exports.BattleAbilities.jetstream.onStart (C:\Users\Nathan\Desktop\Pokemon-Showdown\mods\npmou\abilities.js:19:24)
    at Tools.Battle.singleEvent (C:\Users\Nathan\Desktop\Pokemon-Showdown\battles.js:1498:37)
    at Tools.Battle.runDecision (C:\Users\Nathan\Desktop\Pokemon-Showdown\battles.js:2873:9)
    at Tools.Battle.go (C:\Users\Nathan\Desktop\Pokemon-Showdown\battles.js:2955:9)
    at Tools.Battle.choose (C:\Users\Nathan\Desktop\Pokemon-Showdown\battles.js:3029:9)
    at Tools.Battle.receive (C:\Users\Nathan\Desktop\Pokemon-Showdown\battles.js:3333:9)
    at process.<anonymous> (C:\Users\Nathan\Desktop\Pokemon-Showdown\battles.js:112:21)
    at process.EventEmitter.emit (events.js:99:17)
    at handleMessage (child_process.js:273:12)
    at Pipe.channel.onread (child_process.js:293:9)

TypeError: Object Battle: npmou has no method 'addSideCondition'
    at Tools.exports.BattleAbilities.jetstream.onStart (C:\Users\Nathan\Desktop\Pokemon-Showdown\mods\npmou\abilities.js:19:24)
    at Tools.Battle.singleEvent (C:\Users\Nathan\Desktop\Pokemon-Showdown\battles.js:1498:37)
    at Tools.Battle.runDecision (C:\Users\Nathan\Desktop\Pokemon-Showdown\battles.js:2873:9)
    at Tools.Battle.go (C:\Users\Nathan\Desktop\Pokemon-Showdown\battles.js:2955:9)
    at Tools.Battle.choose (C:\Users\Nathan\Desktop\Pokemon-Showdown\battles.js:3029:9)
    at Tools.Battle.receive (C:\Users\Nathan\Desktop\Pokemon-Showdown\battles.js:3333:9)
    at process.<anonymous> (C:\Users\Nathan\Desktop\Pokemon-Showdown\battles.js:112:21)
    at process.EventEmitter.emit (events.js:99:17)
    at handleMessage (child_process.js:273:12)
    at Pipe.channel.onread (child_process.js:293:9)

TypeError: Object p2a: Rotom-Fan has no method 'addSideCondition'
    at Tools.exports.BattleAbilities.jetstream.onStart (C:\Users\Nathan\Desktop\Pokemon-Showdown\mods\npmou\abilities.js:19:26)
    at Tools.Battle.singleEvent (C:\Users\Nathan\Desktop\Pokemon-Showdown\battles.js:1498:37)
    at Tools.Battle.runDecision (C:\Users\Nathan\Desktop\Pokemon-Showdown\battles.js:2873:9)
    at Tools.Battle.go (C:\Users\Nathan\Desktop\Pokemon-Showdown\battles.js:2955:9)
    at Tools.Battle.choose (C:\Users\Nathan\Desktop\Pokemon-Showdown\battles.js:3029:9)
    at Tools.Battle.receive (C:\Users\Nathan\Desktop\Pokemon-Showdown\battles.js:3333:9)
    at process.<anonymous> (C:\Users\Nathan\Desktop\Pokemon-Showdown\battles.js:112:21)
    at process.EventEmitter.emit (events.js:99:17)
    at handleMessage (child_process.js:273:12)
    at Pipe.channel.onread (child_process.js:293:9)

TypeError: Cannot read property 'tailwind' of undefined
    at Tools.exports.BattleAbilities.jetstream.onStart (C:\Users\Nathan\Desktop\Pokemon-Showdown\mods\npmou\abilities.js:20:37)
    at Tools.Battle.singleEvent (C:\Users\Nathan\Desktop\Pokemon-Showdown\battles.js:1498:37)
    at Tools.Battle.runDecision (C:\Users\Nathan\Desktop\Pokemon-Showdown\battles.js:2873:9)
    at Tools.Battle.go (C:\Users\Nathan\Desktop\Pokemon-Showdown\battles.js:2955:9)
    at Tools.Battle.choose (C:\Users\Nathan\Desktop\Pokemon-Showdown\battles.js:3029:9)
    at Tools.Battle.receive (C:\Users\Nathan\Desktop\Pokemon-Showdown\battles.js:3333:9)
    at process.<anonymous> (C:\Users\Nathan\Desktop\Pokemon-Showdown\battles.js:112:21)
    at process.EventEmitter.emit (events.js:99:17)
    at handleMessage (child_process.js:273:12)
    at Pipe.channel.onread (child_process.js:293:9)

ReferenceError: source is not defined
    at Tools.move.onHit (C:\Users\Nathan\Desktop\Pokemon-Showdown\data\formats.js:64:27)
    at Tools.Battle.singleEvent (C:\Users\Nathan\Desktop\Pokemon-Showdown\battles.js:1498:37)
    at Tools.exports.BattleScripts.moveHit (C:\Users\Nathan\Desktop\Pokemon-Showdown\data\scripts.js:443:22)
    at Tools.exports.BattleScripts.tryMoveHit (C:\Users\Nathan\Desktop\Pokemon-Showdown\data\scripts.js:269:18)
    at Tools.exports.BattleScripts.useMove (C:\Users\Nathan\Desktop\Pokemon-Showdown\data\scripts.js:137:21)
    at Tools.exports.BattleScripts.runMove (C:\Users\Nathan\Desktop\Pokemon-Showdown\data\scripts.js:41:8)
    at Tools.Battle.runDecision (C:\Users\Nathan\Desktop\Pokemon-Showdown\battles.js:2795:9)
    at Tools.Battle.go (C:\Users\Nathan\Desktop\Pokemon-Showdown\battles.js:2955:9)
    at Tools.Battle.choose (C:\Users\Nathan\Desktop\Pokemon-Showdown\battles.js:3029:9)
    at Tools.Battle.receive (C:\Users\Nathan\Desktop\Pokemon-Showdown\battles.js:3333:9)

ReferenceError: template is not defined
    at Tools.exports.BattleScripts.randomNSSTeam (C:\Users\Nathan\Desktop\Pokemon-Showdown\data\scripts.js:1385:19)
    at Tools.exports.BattleScripts.getTeam (C:\Users\Nathan\Desktop\Pokemon-Showdown\data\scripts.js:487:35)
    at new BattleSide (C:\Users\Nathan\Desktop\Pokemon-Showdown\battles.js:1029:27)
    at Tools.Battle.join (C:\Users\Nathan\Desktop\Pokemon-Showdown\battles.js:3261:15)
    at Tools.Battle.receive (C:\Users\Nathan\Desktop\Pokemon-Showdown\battles.js:3312:9)
    at process.<anonymous> (C:\Users\Nathan\Desktop\Pokemon-Showdown\battles.js:112:21)
    at process.EventEmitter.emit (events.js:99:17)
    at handleMessage (child_process.js:273:12)
    at Pipe.channel.onread (child_process.js:293:9)

ReferenceError: template is not defined
    at Tools.exports.BattleScripts.randomNSSTeam (C:\Users\Nathan\Desktop\Pokemon-Showdown\data\scripts.js:1385:19)
    at Tools.exports.BattleScripts.getTeam (C:\Users\Nathan\Desktop\Pokemon-Showdown\data\scripts.js:487:35)
    at new BattleSide (C:\Users\Nathan\Desktop\Pokemon-Showdown\battles.js:1029:27)
    at Tools.Battle.join (C:\Users\Nathan\Desktop\Pokemon-Showdown\battles.js:3261:15)
    at Tools.Battle.receive (C:\Users\Nathan\Desktop\Pokemon-Showdown\battles.js:3312:9)
    at process.<anonymous> (C:\Users\Nathan\Desktop\Pokemon-Showdown\battles.js:112:21)
    at process.EventEmitter.emit (events.js:99:17)
    at handleMessage (child_process.js:273:12)
    at Pipe.channel.onread (child_process.js:293:9)

ReferenceError: template is not defined
    at Tools.exports.BattleScripts.randomNSSTeam (C:\Users\Nathan\Desktop\Pokemon-Showdown\data\scripts.js:1385:19)
    at Tools.exports.BattleScripts.getTeam (C:\Users\Nathan\Desktop\Pokemon-Showdown\data\scripts.js:487:35)
    at new BattleSide (C:\Users\Nathan\Desktop\Pokemon-Showdown\battles.js:1029:27)
    at Tools.Battle.join (C:\Users\Nathan\Desktop\Pokemon-Showdown\battles.js:3261:15)
    at Tools.Battle.receive (C:\Users\Nathan\Desktop\Pokemon-Showdown\battles.js:3312:9)
    at process.<anonymous> (C:\Users\Nathan\Desktop\Pokemon-Showdown\battles.js:112:21)
    at process.EventEmitter.emit (events.js:99:17)
    at handleMessage (child_process.js:273:12)
    at Pipe.channel.onread (child_process.js:293:9)

ReferenceError: template is not defined
    at Tools.exports.BattleScripts.randomNSSTeam (C:\Users\Nathan\Desktop\Pokemon-Showdown\data\scripts.js:1385:19)
    at Tools.exports.BattleScripts.getTeam (C:\Users\Nathan\Desktop\Pokemon-Showdown\data\scripts.js:487:35)
    at new BattleSide (C:\Users\Nathan\Desktop\Pokemon-Showdown\battles.js:1029:27)
    at Tools.Battle.join (C:\Users\Nathan\Desktop\Pokemon-Showdown\battles.js:3261:15)
    at Tools.Battle.receive (C:\Users\Nathan\Desktop\Pokemon-Showdown\battles.js:3312:9)
    at process.<anonymous> (C:\Users\Nathan\Desktop\Pokemon-Showdown\battles.js:112:21)
    at process.EventEmitter.emit (events.js:99:17)
    at handleMessage (child_process.js:273:12)
    at Pipe.channel.onread (child_process.js:293:9)

ReferenceError: template is not defined
    at Tools.exports.BattleScripts.randomNSSTeam (C:\Users\Nathan\Desktop\Pokemon-Showdown\data\scripts.js:1385:19)
    at Tools.exports.BattleScripts.getTeam (C:\Users\Nathan\Desktop\Pokemon-Showdown\data\scripts.js:487:35)
    at new BattleSide (C:\Users\Nathan\Desktop\Pokemon-Showdown\battles.js:1029:27)
    at Tools.Battle.join (C:\Users\Nathan\Desktop\Pokemon-Showdown\battles.js:3261:15)
    at Tools.Battle.receive (C:\Users\Nathan\Desktop\Pokemon-Showdown\battles.js:3312:9)
    at process.<anonymous> (C:\Users\Nathan\Desktop\Pokemon-Showdown\battles.js:112:21)
    at process.EventEmitter.emit (events.js:99:17)
    at handleMessage (child_process.js:273:12)
    at Pipe.channel.onread (child_process.js:293:9)

ReferenceError: template is not defined
    at Tools.exports.BattleScripts.randomNSSTeam (C:\Users\Nathan\Desktop\Pokemon-Showdown\data\scripts.js:1385:19)
    at Tools.exports.BattleScripts.getTeam (C:\Users\Nathan\Desktop\Pokemon-Showdown\data\scripts.js:487:35)
    at new BattleSide (C:\Users\Nathan\Desktop\Pokemon-Showdown\battles.js:1029:27)
    at Tools.Battle.join (C:\Users\Nathan\Desktop\Pokemon-Showdown\battles.js:3261:15)
    at Tools.Battle.receive (C:\Users\Nathan\Desktop\Pokemon-Showdown\battles.js:3312:9)
    at process.<anonymous> (C:\Users\Nathan\Desktop\Pokemon-Showdown\battles.js:112:21)
    at process.EventEmitter.emit (events.js:99:17)
    at handleMessage (child_process.js:273:12)
    at Pipe.channel.onread (child_process.js:293:9)

ReferenceError: template is not defined
    at Tools.exports.BattleScripts.randomNSSTeam (C:\Users\Nathan\Desktop\Pokemon-Showdown\data\scripts.js:1385:19)
    at Tools.exports.BattleScripts.getTeam (C:\Users\Nathan\Desktop\Pokemon-Showdown\data\scripts.js:487:35)
    at new BattleSide (C:\Users\Nathan\Desktop\Pokemon-Showdown\battles.js:1029:27)
    at Tools.Battle.join (C:\Users\Nathan\Desktop\Pokemon-Showdown\battles.js:3261:15)
    at Tools.Battle.receive (C:\Users\Nathan\Desktop\Pokemon-Showdown\battles.js:3312:9)
    at process.<anonymous> (C:\Users\Nathan\Desktop\Pokemon-Showdown\battles.js:112:21)
    at process.EventEmitter.emit (events.js:99:17)
    at handleMessage (child_process.js:273:12)
    at Pipe.channel.onread (child_process.js:293:9)

ReferenceError: template is not defined
    at Tools.exports.BattleScripts.randomNSSTeam (C:\Users\Nathan\Desktop\Pokemon-Showdown\data\scripts.js:1385:19)
    at Tools.exports.BattleScripts.getTeam (C:\Users\Nathan\Desktop\Pokemon-Showdown\data\scripts.js:487:35)
    at new BattleSide (C:\Users\Nathan\Desktop\Pokemon-Showdown\battles.js:1029:27)
    at Tools.Battle.join (C:\Users\Nathan\Desktop\Pokemon-Showdown\battles.js:3261:15)
    at Tools.Battle.receive (C:\Users\Nathan\Desktop\Pokemon-Showdown\battles.js:3312:9)
    at process.<anonymous> (C:\Users\Nathan\Desktop\Pokemon-Showdown\battles.js:112:21)
    at process.EventEmitter.emit (events.js:99:17)
    at handleMessage (child_process.js:273:12)
    at Pipe.channel.onread (child_process.js:293:9)

ReferenceError: template is not defined
    at Tools.exports.BattleScripts.randomNSSTeam (C:\Users\Nathan\Desktop\Pokemon-Showdown\data\scripts.js:1385:19)
    at Tools.exports.BattleScripts.getTeam (C:\Users\Nathan\Desktop\Pokemon-Showdown\data\scripts.js:487:35)
    at new BattleSide (C:\Users\Nathan\Desktop\Pokemon-Showdown\battles.js:1029:27)
    at Tools.Battle.join (C:\Users\Nathan\Desktop\Pokemon-Showdown\battles.js:3261:15)
    at Tools.Battle.receive (C:\Users\Nathan\Desktop\Pokemon-Showdown\battles.js:3312:9)
    at process.<anonymous> (C:\Users\Nathan\Desktop\Pokemon-Showdown\battles.js:112:21)
    at process.EventEmitter.emit (events.js:99:17)
    at handleMessage (child_process.js:273:12)
    at Pipe.channel.onread (child_process.js:293:9)

ReferenceError: template is not defined
    at Tools.exports.BattleScripts.randomNSSTeam (C:\Users\Nathan\Desktop\Pokemon-Showdown\data\scripts.js:1385:19)
    at Tools.exports.BattleScripts.getTeam (C:\Users\Nathan\Desktop\Pokemon-Showdown\data\scripts.js:487:35)
    at new BattleSide (C:\Users\Nathan\Desktop\Pokemon-Showdown\battles.js:1029:27)
    at Tools.Battle.join (C:\Users\Nathan\Desktop\Pokemon-Showdown\battles.js:3261:15)
    at Tools.Battle.receive (C:\Users\Nathan\Desktop\Pokemon-Showdown\battles.js:3312:9)
    at process.<anonymous> (C:\Users\Nathan\Desktop\Pokemon-Showdown\battles.js:112:21)
    at process.EventEmitter.emit (events.js:99:17)
    at handleMessage (child_process.js:273:12)
    at Pipe.channel.onread (child_process.js:293:9)

ReferenceError: template is not defined
    at Tools.exports.BattleScripts.randomNSSTeam (C:\Users\Nathan\Desktop\Pokemon-Showdown\data\scripts.js:1385:19)
    at Tools.exports.BattleScripts.getTeam (C:\Users\Nathan\Desktop\Pokemon-Showdown\data\scripts.js:487:35)
    at new BattleSide (C:\Users\Nathan\Desktop\Pokemon-Showdown\battles.js:1029:27)
    at Tools.Battle.join (C:\Users\Nathan\Desktop\Pokemon-Showdown\battles.js:3261:15)
    at Tools.Battle.receive (C:\Users\Nathan\Desktop\Pokemon-Showdown\battles.js:3312:9)
    at process.<anonymous> (C:\Users\Nathan\Desktop\Pokemon-Showdown\battles.js:112:21)
    at process.EventEmitter.emit (events.js:99:17)
    at handleMessage (child_process.js:273:12)
    at Pipe.channel.onread (child_process.js:293:9)

ReferenceError: template is not defined
    at Tools.exports.BattleScripts.randomNSSTeam (C:\Users\Nathan\Desktop\Pokemon-Showdown\data\scripts.js:1385:19)
    at Tools.exports.BattleScripts.getTeam (C:\Users\Nathan\Desktop\Pokemon-Showdown\data\scripts.js:487:35)
    at new BattleSide (C:\Users\Nathan\Desktop\Pokemon-Showdown\battles.js:1029:27)
    at Tools.Battle.join (C:\Users\Nathan\Desktop\Pokemon-Showdown\battles.js:3261:15)
    at Tools.Battle.receive (C:\Users\Nathan\Desktop\Pokemon-Showdown\battles.js:3312:9)
    at process.<anonymous> (C:\Users\Nathan\Desktop\Pokemon-Showdown\battles.js:112:21)
    at process.EventEmitter.emit (events.js:99:17)
    at handleMessage (child_process.js:273:12)
    at Pipe.channel.onread (child_process.js:293:9)

ReferenceError: template is not defined
    at Tools.exports.BattleScripts.randomNSSTeam (C:\Users\Nathan\Desktop\Pokemon-Showdown\data\scripts.js:1385:19)
    at Tools.exports.BattleScripts.getTeam (C:\Users\Nathan\Desktop\Pokemon-Showdown\data\scripts.js:487:35)
    at new BattleSide (C:\Users\Nathan\Desktop\Pokemon-Showdown\battles.js:1029:27)
    at Tools.Battle.join (C:\Users\Nathan\Desktop\Pokemon-Showdown\battles.js:3261:15)
    at Tools.Battle.receive (C:\Users\Nathan\Desktop\Pokemon-Showdown\battles.js:3312:9)
    at process.<anonymous> (C:\Users\Nathan\Desktop\Pokemon-Showdown\battles.js:112:21)
    at process.EventEmitter.emit (events.js:99:17)
    at handleMessage (child_process.js:273:12)
    at Pipe.channel.onread (child_process.js:293:9)

ReferenceError: template is not defined
    at Tools.exports.BattleScripts.randomNSSTeam (C:\Users\Nathan\Desktop\Pokemon-Showdown\data\scripts.js:1385:19)
    at Tools.exports.BattleScripts.getTeam (C:\Users\Nathan\Desktop\Pokemon-Showdown\data\scripts.js:487:35)
    at new BattleSide (C:\Users\Nathan\Desktop\Pokemon-Showdown\battles.js:1029:27)
    at Tools.Battle.join (C:\Users\Nathan\Desktop\Pokemon-Showdown\battles.js:3261:15)
    at Tools.Battle.receive (C:\Users\Nathan\Desktop\Pokemon-Showdown\battles.js:3312:9)
    at process.<anonymous> (C:\Users\Nathan\Desktop\Pokemon-Showdown\battles.js:112:21)
    at process.EventEmitter.emit (events.js:99:17)
    at handleMessage (child_process.js:273:12)
    at Pipe.channel.onread (child_process.js:293:9)
